// Jest Snapshot v1, https://goo.gl/fbAQLP

exports[`<Footer /> should render a Footer 1`] = `
.c0 {
  max-width: 120rem;
  margin: 0 auto;
  padding: 3.2rem;
}

.c2 {
  font-size: 2.4rem;
}

.c1 {
  text-align: center;
}

.c1 a {
  -webkit-text-decoration: none;
  text-decoration: none;
  color: inherit;
  font-size: 1.6rem;
}

<div>
  <div
    class="c0"
  >
    <div
      class="c1"
    >
      <div
        class="c2"
      >
        <h1>
          Children
        </h1>
      </div>
    </div>
  </div>
</div>
`;
